Archive member included to satisfy reference by file (symbol)

C:/ST/STM32CubeIDE_1.16.0/STM32CubeIDE/plugins/com.st.stm32cube.ide.mcu.externaltools.gnu-tools-for-stm32.12.3.rel1.win32_1.0.200.202406191623/tools/bin/../lib/gcc/arm-none-eabi/12.3.1/../../../../arm-none-eabi/lib/thumb/v7e-m+fp/hard\libc_nano.a(libc_a-exit.o)
                              C:/ST/STM32CubeIDE_1.16.0/STM32CubeIDE/plugins/com.st.stm32cube.ide.mcu.externaltools.gnu-tools-for-stm32.12.3.rel1.win32_1.0.200.202406191623/tools/bin/../lib/gcc/arm-none-eabi/12.3.1/../../../../arm-none-eabi/lib/thumb/v7e-m+fp/hard/crt0.o (exit)
C:/ST/STM32CubeIDE_1.16.0/STM32CubeIDE/plugins/com.st.stm32cube.ide.mcu.externaltools.gnu-tools-for-stm32.12.3.rel1.win32_1.0.200.202406191623/tools/bin/../lib/gcc/arm-none-eabi/12.3.1/../../../../arm-none-eabi/lib/thumb/v7e-m+fp/hard\libc_nano.a(libc_a-findfp.o)
                              C:/ST/STM32CubeIDE_1.16.0/STM32CubeIDE/plugins/com.st.stm32cube.ide.mcu.externaltools.gnu-tools-for-stm32.12.3.rel1.win32_1.0.200.202406191623/tools/bin/../lib/gcc/arm-none-eabi/12.3.1/../../../../arm-none-eabi/lib/thumb/v7e-m+fp/hard\libc_nano.a(libc_a-exit.o) (__stdio_exit_handler)
C:/ST/STM32CubeIDE_1.16.0/STM32CubeIDE/plugins/com.st.stm32cube.ide.mcu.externaltools.gnu-tools-for-stm32.12.3.rel1.win32_1.0.200.202406191623/tools/bin/../lib/gcc/arm-none-eabi/12.3.1/../../../../arm-none-eabi/lib/thumb/v7e-m+fp/hard\libc_nano.a(libc_a-fwalk.o)
                              C:/ST/STM32CubeIDE_1.16.0/STM32CubeIDE/plugins/com.st.stm32cube.ide.mcu.externaltools.gnu-tools-for-stm32.12.3.rel1.win32_1.0.200.202406191623/tools/bin/../lib/gcc/arm-none-eabi/12.3.1/../../../../arm-none-eabi/lib/thumb/v7e-m+fp/hard\libc_nano.a(libc_a-findfp.o) (_fwalk_sglue)
C:/ST/STM32CubeIDE_1.16.0/STM32CubeIDE/plugins/com.st.stm32cube.ide.mcu.externaltools.gnu-tools-for-stm32.12.3.rel1.win32_1.0.200.202406191623/tools/bin/../lib/gcc/arm-none-eabi/12.3.1/../../../../arm-none-eabi/lib/thumb/v7e-m+fp/hard\libc_nano.a(libc_a-stdio.o)
                              C:/ST/STM32CubeIDE_1.16.0/STM32CubeIDE/plugins/com.st.stm32cube.ide.mcu.externaltools.gnu-tools-for-stm32.12.3.rel1.win32_1.0.200.202406191623/tools/bin/../lib/gcc/arm-none-eabi/12.3.1/../../../../arm-none-eabi/lib/thumb/v7e-m+fp/hard\libc_nano.a(libc_a-findfp.o) (__sread)
C:/ST/STM32CubeIDE_1.16.0/STM32CubeIDE/plugins/com.st.stm32cube.ide.mcu.externaltools.gnu-tools-for-stm32.12.3.rel1.win32_1.0.200.202406191623/tools/bin/../lib/gcc/arm-none-eabi/12.3.1/../../../../arm-none-eabi/lib/thumb/v7e-m+fp/hard\libc_nano.a(libc_a-memset.o)
                              C:/ST/STM32CubeIDE_1.16.0/STM32CubeIDE/plugins/com.st.stm32cube.ide.mcu.externaltools.gnu-tools-for-stm32.12.3.rel1.win32_1.0.200.202406191623/tools/bin/../lib/gcc/arm-none-eabi/12.3.1/../../../../arm-none-eabi/lib/thumb/v7e-m+fp/hard/crt0.o (memset)
C:/ST/STM32CubeIDE_1.16.0/STM32CubeIDE/plugins/com.st.stm32cube.ide.mcu.externaltools.gnu-tools-for-stm32.12.3.rel1.win32_1.0.200.202406191623/tools/bin/../lib/gcc/arm-none-eabi/12.3.1/../../../../arm-none-eabi/lib/thumb/v7e-m+fp/hard\libc_nano.a(libc_a-closer.o)
                              C:/ST/STM32CubeIDE_1.16.0/STM32CubeIDE/plugins/com.st.stm32cube.ide.mcu.externaltools.gnu-tools-for-stm32.12.3.rel1.win32_1.0.200.202406191623/tools/bin/../lib/gcc/arm-none-eabi/12.3.1/../../../../arm-none-eabi/lib/thumb/v7e-m+fp/hard\libc_nano.a(libc_a-stdio.o) (_close_r)
C:/ST/STM32CubeIDE_1.16.0/STM32CubeIDE/plugins/com.st.stm32cube.ide.mcu.externaltools.gnu-tools-for-stm32.12.3.rel1.win32_1.0.200.202406191623/tools/bin/../lib/gcc/arm-none-eabi/12.3.1/../../../../arm-none-eabi/lib/thumb/v7e-m+fp/hard\libc_nano.a(libc_a-reent.o)
                              C:/ST/STM32CubeIDE_1.16.0/STM32CubeIDE/plugins/com.st.stm32cube.ide.mcu.externaltools.gnu-tools-for-stm32.12.3.rel1.win32_1.0.200.202406191623/tools/bin/../lib/gcc/arm-none-eabi/12.3.1/../../../../arm-none-eabi/lib/thumb/v7e-m+fp/hard\libc_nano.a(libc_a-closer.o) (errno)
C:/ST/STM32CubeIDE_1.16.0/STM32CubeIDE/plugins/com.st.stm32cube.ide.mcu.externaltools.gnu-tools-for-stm32.12.3.rel1.win32_1.0.200.202406191623/tools/bin/../lib/gcc/arm-none-eabi/12.3.1/../../../../arm-none-eabi/lib/thumb/v7e-m+fp/hard\libc_nano.a(libc_a-impure.o)
                              C:/ST/STM32CubeIDE_1.16.0/STM32CubeIDE/plugins/com.st.stm32cube.ide.mcu.externaltools.gnu-tools-for-stm32.12.3.rel1.win32_1.0.200.202406191623/tools/bin/../lib/gcc/arm-none-eabi/12.3.1/../../../../arm-none-eabi/lib/thumb/v7e-m+fp/hard\libc_nano.a(libc_a-reent.o) (_impure_ptr)
C:/ST/STM32CubeIDE_1.16.0/STM32CubeIDE/plugins/com.st.stm32cube.ide.mcu.externaltools.gnu-tools-for-stm32.12.3.rel1.win32_1.0.200.202406191623/tools/bin/../lib/gcc/arm-none-eabi/12.3.1/../../../../arm-none-eabi/lib/thumb/v7e-m+fp/hard\libc_nano.a(libc_a-lseekr.o)
[...]
Memory Configuration

Name             Origin             Length             Attributes
RAM              0x20000000         0x00020000         xrw
FLASH            0x08000000         0x00080000         xr
*default*        0x00000000         0xffffffff

Linker script and memory map

LOAD C:/ST/STM32CubeIDE_1.16.0/STM32CubeIDE/plugins/com.st.stm32cube.ide.mcu.externaltools.gnu-tools-for-stm32.12.3.rel1.win32_1.0.200.202406191623/tools/bin/../lib/gcc/arm-none-eabi/12.3.1/thumb/v7e-m+fp/hard/crti.o
LOAD C:/ST/STM32CubeIDE_1.16.0/STM32CubeIDE/plugins/com.st.stm32cube.ide.mcu.externaltools.gnu-tools-for-stm32.12.3.rel1.win32_1.0.200.202406191623/tools/bin/../lib/gcc/arm-none-eabi/12.3.1/thumb/v7e-m+fp/hard/crtbegin.o
LOAD C:/ST/STM32CubeIDE_1.16.0/STM32CubeIDE/plugins/com.st.stm32cube.ide.mcu.externaltools.gnu-tools-for-stm32.12.3.rel1.win32_1.0.200.202406191623/tools/bin/../lib/gcc/arm-none-eabi/12.3.1/../../../../arm-none-eabi/lib/thumb/v7e-m+fp/hard/crt0.o
LOAD ./Core/Src/main.o
LOAD ./Core/Src/pish_gpio_dr.o
LOAD ./Core/Src/pish_rcc_drv.o
LOAD ./Core/Src/stm32f4xx_it.o
LOAD ./Core/Startup/startup_stm32f411retx.o
START GROUP
LOAD C:/ST/STM32CubeIDE_1.16.0/STM32CubeIDE/plugins/com.st.stm32cube.ide.mcu.externaltools.gnu-tools-for-stm32.12.3.rel1.win32_1.0.200.202406191623/tools/bin/../lib/gcc/arm-none-eabi/12.3.1/../../../../arm-none-eabi/lib/thumb/v7e-m+fp/hard\libc_nano.a
LOAD C:/ST/STM32CubeIDE_1.16.0/STM32CubeIDE/plugins/com.st.stm32cube.ide.mcu.externaltools.gnu-tools-for-stm32.12.3.rel1.win32_1.0.200.202406191623/tools/bin/../lib/gcc/arm-none-eabi/12.3.1/../../../../arm-none-eabi/lib/thumb/v7e-m+fp/hard\libm.a
END GROUP
START GROUP
LOAD C:/ST/STM32CubeIDE_1.16.0/STM32CubeIDE/plugins/com.st.stm32cube.ide.mcu.externaltools.gnu-tools-for-stm32.12.3.rel1.win32_1.0.200.202406191623/tools/bin/../lib/gcc/arm-none-eabi/12.3.1/thumb/v7e-m+fp/hard\libgcc.a
LOAD C:/ST/STM32CubeIDE_1.16.0/STM32CubeIDE/plugins/com.st.stm32cube.ide.mcu.externaltools.gnu-tools-for-stm32.12.3.rel1.win32_1.0.200.202406191623/tools/bin/../lib/gcc/arm-none-eabi/12.3.1/../../../../arm-none-eabi/lib/thumb/v7e-m+fp/hard\libc_nano.a
END GROUP
START GROUP
LOAD C:/ST/STM32CubeIDE_1.16.0/STM32CubeIDE/plugins/com.st.stm32cube.ide.mcu.externaltools.gnu-tools-for-stm32.12.3.rel1.win32_1.0.200.202406191623/tools/bin/../lib/gcc/arm-none-eabi/12.3.1/thumb/v7e-m+fp/hard\libgcc.a
LOAD C:/ST/STM32CubeIDE_1.16.0/STM32CubeIDE/plugins/com.st.stm32cube.ide.mcu.externaltools.gnu-tools-for-stm32.12.3.rel1.win32_1.0.200.202406191623/tools/bin/../lib/gcc/arm-none-eabi/12.3.1/../../../../arm-none-eabi/lib/thumb/v7e-m+fp/hard\libc_nano.a
END GROUP
LOAD C:/ST/STM32CubeIDE_1.16.0/STM32CubeIDE/plugins/com.st.stm32cube.ide.mcu.externaltools.gnu-tools-for-stm32.12.3.rel1.win32_1.0.200.202406191623/tools/bin/../lib/gcc/arm-none-eabi/12.3.1/thumb/v7e-m+fp/hard/crtend.o
LOAD C:/ST/STM32CubeIDE_1.16.0/STM32CubeIDE/plugins/com.st.stm32cube.ide.mcu.externaltools.gnu-tools-for-stm32.12.3.rel1.win32_1.0.200.202406191623/tools/bin/../lib/gcc/arm-none-eabi/12.3.1/thumb/v7e-m+fp/hard/crtn.o
                0x20020000                        _estack = (ORIGIN (RAM) + LENGTH (RAM))
                0x00000200                        _Min_Heap_Size = 0x200
                0x00000400                        _Min_Stack_Size = 0x400

.isr_vector     0x08000000      0x198
                0x08000000                        . = ALIGN (0x4)
 *(.isr_vector)
 .isr_vector    0x08000000      0x198 ./Core/Startup/startup_stm32f411retx.o
                0x08000000                g_pfnVectors
                0x08000198                        . = ALIGN (0x4)

.text           0x08000198      0x400
                0x08000198                        . = ALIGN (0x4)
 *(.text)
 .text          0x08000198       0x40 C:/ST/STM32CubeIDE_1.16.0/STM32CubeIDE/plugins/com.st.stm32cube.ide.mcu.externaltools.gnu-tools-for-stm32.12.3.rel1.win32_1.0.200.202406191623/tools/bin/../lib/gcc/arm-none-eabi/12.3.1/thumb/v7e-m+fp/hard/crtbegin.o
 *(.text*)
 .text.EXTI15_10_IRQHandler
                0x080001d8        0xc ./Core/Src/main.o
                0x080001d8                EXTI15_10_IRQHandler
 .text.main     0x080001e4       0x28 ./Core/Src/main.o
                0x080001e4                main
 .text.delay    0x0800020c       0x2a ./Core/Src/main.o
                0x0800020c                delay
 *fill*         0x08000236        0x2 
 .text.PISH_GPIO_Init
                0x08000238       0x68 ./Core/Src/pish_gpio_dr.o
                0x08000238                PISH_GPIO_Init
 .text.PISH_GPIO_Write
                0x080002a0       0x4a ./Core/Src/pish_gpio_dr.o
                0x080002a0                PISH_GPIO_Write
 .text.PISH_GPIO_Read
                0x080002ea       0x2a ./Core/Src/pish_gpio_dr.o
                0x080002ea                PISH_GPIO_Read
 .text.PISH_GPIO_Toggle
                0x08000314       0x3a ./Core/Src/pish_gpio_dr.o
                0x08000314                PISH_GPIO_Toggle
 *fill*         0x0800034e        0x2 
 .text.PISH_RCC_Int
                0x08000350       0xf8 ./Core/Src/pish_rcc_drv.o
                0x08000350                PISH_RCC_Int
 .text.NMI_Handler
                0x08000448        0x8 ./Core/Src/stm32f4xx_it.o
                0x08000448                NMI_Handler
 .text.HardFault_Handler
                0x08000450        0x8 ./Core/Src/stm32f4xx_it.o
                0x08000450                HardFault_Handler
 .text.MemManage_Handler
                0x08000458        0x8 ./Core/Src/stm32f4xx_it.o
                0x08000458                MemManage_Handler
 .text.BusFault_Handler
                0x08000460        0x8 ./Core/Src/stm32f4xx_it.o
                0x08000460                BusFault_Handler
 .text.UsageFault_Handler
                0x08000468        0x8 ./Core/Src/stm32f4xx_it.o
                0x08000468                UsageFault_Handler
 .text.SVC_Handler
                0x08000470        0xe ./Core/Src/stm32f4xx_it.o
                0x08000470                SVC_Handler
 .text.DebugMon_Handler
                0x0800047e        0xe ./Core/Src/stm32f4xx_it.o
                0x0800047e                DebugMon_Handler
 .text.PendSV_Handler
                0x0800048c        0xe ./Core/Src/stm32f4xx_it.o
                0x0800048c                PendSV_Handler
 *fill*         0x0800049a        0x2 
 .text.SysTick_Handler
                0x0800049c       0x1c ./Core/Src/stm32f4xx_it.o
                0x0800049c                SysTick_Handler
 .text.get_Ticks
                0x080004b8       0x18 ./Core/Src/stm32f4xx_it.o
                0x080004b8                get_Ticks
 .text.clearTicks
                0x080004d0       0x18 ./Core/Src/stm32f4xx_it.o
                0x080004d0                clearTicks
 .text.Reset_Handler
                0x080004e8       0x4c ./Core/Startup/startup_stm32f411retx.o
                0x080004e8                Reset_Handler
 .text.Default_Handler
                0x08000534        0x2 ./Core/Startup/startup_stm32f411retx.o
                0x08000534                RTC_Alarm_IRQHandler
                0x08000534                EXTI2_IRQHandler
                0x08000534                SPI4_IRQHandler
                0x08000534                TIM1_CC_IRQHandler
                0x08000534                DMA2_Stream5_IRQHandler
                0x08000534                DMA1_Stream5_IRQHandler
                0x08000534                PVD_IRQHandler
                0x08000534                SDIO_IRQHandler
                0x08000534                TAMP_STAMP_IRQHandler
                0x08000534                EXTI3_IRQHandler
                0x08000534                TIM1_UP_TIM10_IRQHandler
                0x08000534                I2C3_ER_IRQHandler
                0x08000534                EXTI0_IRQHandler
                0x08000534                I2C2_EV_IRQHandler
                0x08000534                DMA1_Stream2_IRQHandler
                0x08000534                FPU_IRQHandler
                0x08000534                DMA2_Stream2_IRQHandler
                0x08000534                SPI1_IRQHandler
                0x08000534                TIM1_BRK_TIM9_IRQHandler
                0x08000534                DMA2_Stream3_IRQHandler
                0x08000534                USART6_IRQHandler
                0x08000534                DMA2_Stream0_IRQHandler
                0x08000534                TIM4_IRQHandler
                0x08000534                I2C1_EV_IRQHandler
                0x08000534                DMA1_Stream6_IRQHandler
                0x08000534                DMA1_Stream1_IRQHandler
                0x08000534                TIM3_IRQHandler
                0x08000534                RCC_IRQHandler
                0x08000534                Default_Handler
                0x08000534                ADC_IRQHandler
                0x08000534                DMA1_Stream7_IRQHandler
                0x08000534                SPI5_IRQHandler
                0x08000534                TIM5_IRQHandler
                0x08000534                DMA2_Stream7_IRQHandler
                0x08000534                I2C3_EV_IRQHandler
                0x08000534                EXTI9_5_IRQHandler
                0x08000534                RTC_WKUP_IRQHandler
                0x08000534                SPI2_IRQHandler
                0x08000534                DMA1_Stream0_IRQHandler
                0x08000534                EXTI4_IRQHandler
                0x08000534                WWDG_IRQHandler
                0x08000534                TIM2_IRQHandler
                0x08000534                OTG_FS_WKUP_IRQHandler
                0x08000534                TIM1_TRG_COM_TIM11_IRQHandler
                0x08000534                EXTI1_IRQHandler
                0x08000534                USART2_IRQHandler
                0x08000534                I2C2_ER_IRQHandler
                0x08000534                DMA2_Stream1_IRQHandler
                0x08000534                FLASH_IRQHandler
                0x08000534                DMA2_Stream4_IRQHandler
                0x08000534                USART1_IRQHandler
                0x08000534                OTG_FS_IRQHandler
                0x08000534                SPI3_IRQHandler
                0x08000534                DMA1_Stream4_IRQHandler
                0x08000534                I2C1_ER_IRQHandler
                0x08000534                DMA2_Stream6_IRQHandler
                0x08000534                DMA1_Stream3_IRQHandler
 *fill*         0x08000536        0x2 
 .text.__libc_init_array
                0x08000538       0x48 C:/ST/STM32CubeIDE_1.16.0/STM32CubeIDE/plugins/com.st.stm32cube.ide.mcu.externaltools.gnu-tools-for-stm32.12.3.rel1.win32_1.0.200.202406191623/tools/bin/../lib/gcc/arm-none-eabi/12.3.1/../../../../arm-none-eabi/lib/thumb/v7e-m+fp/hard\libc_nano.a(libc_a-init.o)
                0x08000538                __libc_init_array
 *(.glue_7)
 .glue_7        0x08000580        0x0 linker stubs
 *(.glue_7t)
 .glue_7t       0x08000580        0x0 linker stubs
 *(.eh_frame)
 .eh_frame      0x08000580        0x0 C:/ST/STM32CubeIDE_1.16.0/STM32CubeIDE/plugins/com.st.stm32cube.ide.mcu.externaltools.gnu-tools-for-stm32.12.3.rel1.win32_1.0.200.202406191623/tools/bin/../lib/gcc/arm-none-eabi/12.3.1/thumb/v7e-m+fp/hard/crtbegin.o
 *(.init)
 .init          0x08000580        0x4 C:/ST/STM32CubeIDE_1.16.0/STM32CubeIDE/plugins/com.st.stm32cube.ide.mcu.externaltools.gnu-tools-for-stm32.12.3.rel1.win32_1.0.200.202406191623/tools/bin/../lib/gcc/arm-none-eabi/12.3.1/thumb/v7e-m+fp/hard/crti.o
                0x08000580                _init
 .init          0x08000584        0x8 C:/ST/STM32CubeIDE_1.16.0/STM32CubeIDE/plugins/com.st.stm32cube.ide.mcu.externaltools.gnu-tools-for-stm32.12.3.rel1.win32_1.0.200.202406191623/tools/bin/../lib/gcc/arm-none-eabi/12.3.1/thumb/v7e-m+fp/hard/crtn.o
 *(.fini)
 .fini          0x0800058c        0x4 C:/ST/STM32CubeIDE_1.16.0/STM32CubeIDE/plugins/com.st.stm32cube.ide.mcu.externaltools.gnu-tools-for-stm32.12.3.rel1.win32_1.0.200.202406191623/tools/bin/../lib/gcc/arm-none-eabi/12.3.1/thumb/v7e-m+fp/hard/crti.o
                0x0800058c                _fini
 .fini          0x08000590        0x8 C:/ST/STM32CubeIDE_1.16.0/STM32CubeIDE/plugins/com.st.stm32cube.ide.mcu.externaltools.gnu-tools-for-stm32.12.3.rel1.win32_1.0.200.202406191623/tools/bin/../lib/gcc/arm-none-eabi/12.3.1/thumb/v7e-m+fp/hard/crtn.o
                0x08000598                        . = ALIGN (0x4)
                0x08000598                        _etext = .

.vfp11_veneer   0x08000598        0x0
 .vfp11_veneer  0x08000598        0x0 linker stubs

.v4_bx          0x08000598        0x0
 .v4_bx         0x08000598        0x0 linker stubs

.iplt           0x08000598        0x0
 .iplt          0x08000598        0x0 C:/ST/STM32CubeIDE_1.16.0/STM32CubeIDE/plugins/com.st.stm32cube.ide.mcu.externaltools.gnu-tools-for-stm32.12.3.rel1.win32_1.0.200.202406191623/tools/bin/../lib/gcc/arm-none-eabi/12.3.1/thumb/v7e-m+fp/hard/crtbegin.o

.rodata         0x08000598        0x0
                0x08000598                        . = ALIGN (0x4)
 *(.rodata)
 *(.rodata*)
                0x08000598                        . = ALIGN (0x4)

.ARM.extab      0x08000598        0x0
                0x08000598                        . = ALIGN (0x4)
 *(.ARM.extab* .gnu.linkonce.armextab.*)
                0x08000598                        . = ALIGN (0x4)

.ARM            0x08000598        0x0
                0x08000598                        . = ALIGN (0x4)
                0x08000598                        __exidx_start = .
 *(.ARM.exidx*)
                0x08000598                        __exidx_end = .
                0x08000598                        . = ALIGN (0x4)

.preinit_array  0x08000598        0x0
                0x08000598                        . = ALIGN (0x4)
                0x08000598                        PROVIDE (__preinit_array_start = .)
 *(.preinit_array*)
                0x08000598                        PROVIDE (__preinit_array_end = .)
                0x08000598                        . = ALIGN (0x4)

.init_array     0x08000598        0x4
                0x08000598                        . = ALIGN (0x4)
                0x08000598                        PROVIDE (__init_array_start = .)
 *(SORT_BY_NAME(.init_array.*))
 *(.init_array*)
 .init_array    0x08000598        0x4 C:/ST/STM32CubeIDE_1.16.0/STM32CubeIDE/plugins/com.st.stm32cube.ide.mcu.externaltools.gnu-tools-for-stm32.12.3.rel1.win32_1.0.200.202406191623/tools/bin/../lib/gcc/arm-none-eabi/12.3.1/thumb/v7e-m+fp/hard/crtbegin.o
                0x0800059c                        PROVIDE (__init_array_end = .)
                0x0800059c                        . = ALIGN (0x4)

.fini_array     0x0800059c        0x4
                0x0800059c                        . = ALIGN (0x4)
                [!provide]                        PROVIDE (__fini_array_start = .)
 *(SORT_BY_NAME(.fini_array.*))
 *(.fini_array*)
 .fini_array    0x0800059c        0x4 C:/ST/STM32CubeIDE_1.16.0/STM32CubeIDE/plugins/com.st.stm32cube.ide.mcu.externaltools.gnu-tools-for-stm32.12.3.rel1.win32_1.0.200.202406191623/tools/bin/../lib/gcc/arm-none-eabi/12.3.1/thumb/v7e-m+fp/hard/crtbegin.o
                [!provide]                        PROVIDE (__fini_array_end = .)
                0x080005a0                        . = ALIGN (0x4)
                0x080005a0                        _sidata = LOADADDR (.data)

.rel.dyn        0x080005a0        0x0
 .rel.iplt      0x080005a0        0x0 C:/ST/STM32CubeIDE_1.16.0/STM32CubeIDE/plugins/com.st.stm32cube.ide.mcu.externaltools.gnu-tools-for-stm32.12.3.rel1.win32_1.0.200.202406191623/tools/bin/../lib/gcc/arm-none-eabi/12.3.1/thumb/v7e-m+fp/hard/crtbegin.o

.data           0x20000000        0x0 load address 0x080005a0
                0x20000000                        . = ALIGN (0x4)
                0x20000000                        _sdata = .
 *(.data)
 *(.data*)
 *(.RamFunc)
 *(.RamFunc*)
                0x20000000                        . = ALIGN (0x4)
                0x20000000                        _edata = .

.igot.plt       0x20000000        0x0 load address 0x080005a0
 .igot.plt      0x20000000        0x0 C:/ST/STM32CubeIDE_1.16.0/STM32CubeIDE/plugins/com.st.stm32cube.ide.mcu.externaltools.gnu-tools-for-stm32.12.3.rel1.win32_1.0.200.202406191623/tools/bin/../lib/gcc/arm-none-eabi/12.3.1/thumb/v7e-m+fp/hard/crtbegin.o
                0x20000000                        . = ALIGN (0x4)

.bss            0x20000000       0x20 load address 0x080005a0
                0x20000000                        _sbss = .
                0x20000000                        __bss_start__ = _sbss
 *(.bss)
 .bss           0x20000000       0x1c C:/ST/STM32CubeIDE_1.16.0/STM32CubeIDE/plugins/com.st.stm32cube.ide.mcu.externaltools.gnu-tools-for-stm32.12.3.rel1.win32_1.0.200.202406191623/tools/bin/../lib/gcc/arm-none-eabi/12.3.1/thumb/v7e-m+fp/hard/crtbegin.o
 *(.bss*)
 .bss.ticks     0x2000001c        0x4 ./Core/Src/stm32f4xx_it.o
                0x2000001c                ticks
 *(COMMON)
                0x20000020                        . = ALIGN (0x4)
                0x20000020                        _ebss = .
                0x20000020                        __bss_end__ = _ebss

._user_heap_stack
                0x20000020      0x600 load address 0x080005a0
                0x20000020                        . = ALIGN (0x8)
                [!provide]                        PROVIDE (end = .)
                [!provide]                        PROVIDE (_end = .)
                0x20000220                        . = (. + _Min_Heap_Size)
 *fill*         0x20000020      0x200 
                0x20000620                        . = (. + _Min_Stack_Size)
 *fill*         0x20000220      0x400 
                0x20000620                        . = ALIGN (0x8)

/DISCARD/
 libc.a(*)
 libm.a(*)
 libgcc.a(*)

.ARM.attributes
                0x00000000       0x30
 *(.ARM.attributes)
 .ARM.attributes
                0x00000000       0x22 C:/ST/STM32CubeIDE_1.16.0/STM32CubeIDE/plugins/com.st.stm32cube.ide.mcu.externaltools.gnu-tools-for-stm32.12.3.rel1.win32_1.0.200.202406191623/tools/bin/../lib/gcc/arm-none-eabi/12.3.1/thumb/v7e-m+fp/hard/crti.o
 .ARM.attributes
                0x00000022       0x34 C:/ST/STM32CubeIDE_1.16.0/STM32CubeIDE/plugins/com.st.stm32cube.ide.mcu.externaltools.gnu-tools-for-stm32.12.3.rel1.win32_1.0.200.202406191623/tools/bin/../lib/gcc/arm-none-eabi/12.3.1/thumb/v7e-m+fp/hard/crtbegin.o
 .ARM.attributes
                0x00000056       0x34 ./Core/Src/main.o
 .ARM.attributes
                0x0000008a       0x34 ./Core/Src/pish_gpio_dr.o
 .ARM.attributes
                0x000000be       0x34 ./Core/Src/pish_rcc_drv.o
 .ARM.attributes
                0x000000f2       0x34 ./Core/Src/stm32f4xx_it.o
 .ARM.attributes
                0x00000126       0x21 ./Core/Startup/startup_stm32f411retx.o
 .ARM.attributes
                0x00000147       0x34 C:/ST/STM32CubeIDE_1.16.0/STM32CubeIDE/plugins/com.st.stm32cube.ide.mcu.externaltools.gnu-tools-for-stm32.12.3.rel1.win32_1.0.200.202406191623/tools/bin/../lib/gcc/arm-none-eabi/12.3.1/../../../../arm-none-eabi/lib/thumb/v7e-m+fp/hard\libc_nano.a(libc_a-init.o)
 .ARM.attributes
                0x0000017b       0x22 C:/ST/STM32CubeIDE_1.16.0/STM32CubeIDE/plugins/com.st.stm32cube.ide.mcu.externaltools.gnu-tools-for-stm32.12.3.rel1.win32_1.0.200.202406191623/tools/bin/../lib/gcc/arm-none-eabi/12.3.1/thumb/v7e-m+fp/hard/crtn.o
OUTPUT(first_project.elf elf32-littlearm)
LOAD linker stubs
LOAD C:/ST/STM32CubeIDE_1.16.0/STM32CubeIDE/plugins/com.st.stm32cube.ide.mcu.externaltools.gnu-tools-for-stm32.12.3.rel1.win32_1.0.200.202406191623/tools/bin/../lib/gcc/arm-none-eabi/12.3.1/../../../../arm-none-eabi/lib/thumb/v7e-m+fp/hard\libc.a
LOAD C:/ST/STM32CubeIDE_1.16.0/STM32CubeIDE/plugins/com.st.stm32cube.ide.mcu.externaltools.gnu-tools-for-stm32.12.3.rel1.win32_1.0.200.202406191623/tools/bin/../lib/gcc/arm-none-eabi/12.3.1/../../../../arm-none-eabi/lib/thumb/v7e-m+fp/hard\libm.a
LOAD C:/ST/STM32CubeIDE_1.16.0/STM32CubeIDE/plugins/com.st.stm32cube.ide.mcu.externaltools.gnu-tools-for-stm32.12.3.rel1.win32_1.0.200.202406191623/tools/bin/../lib/gcc/arm-none-eabi/12.3.1/thumb/v7e-m+fp/hard\libgcc.a

.debug_info     0x00000000    0x349c1
 .debug_info    0x00000000     0xd282 ./Core/Src/main.o
 .debug_info    0x0000d282     0xd2a2 ./Core/Src/pish_gpio_dr.o
 .debug_info    0x0001a524     0xd1e0 ./Core/Src/pish_rcc_drv.o
 .debug_info    0x00027704     0xd28d ./Core/Src/stm32f4xx_it.o
 .debug_info    0x00034991       0x30 ./Core/Startup/startup_stm32f411retx.o

.debug_abbrev   0x00000000      0x9b2
 .debug_abbrev  0x00000000      0x2a5 ./Core/Src/main.o
 .debug_abbrev  0x000002a5      0x28b ./Core/Src/pish_gpio_dr.o
 .debug_abbrev  0x00000530      0x214 ./Core/Src/pish_rcc_drv.o
 .debug_abbrev  0x00000744      0x24a ./Core/Src/stm32f4xx_it.o
 .debug_abbrev  0x0000098e       0x24 ./Core/Startup/startup_stm32f411retx.o

.debug_aranges  0x00000000      0x120
 .debug_aranges
                0x00000000       0x30 ./Core/Src/main.o
 .debug_aranges
                0x00000030       0x38 ./Core/Src/pish_gpio_dr.o
 .debug_aranges
                0x00000068       0x20 ./Core/Src/pish_rcc_drv.o
 .debug_aranges
                0x00000088       0x70 ./Core/Src/stm32f4xx_it.o
 .debug_aranges
                0x000000f8       0x28 ./Core/Startup/startup_stm32f411retx.o

.debug_rnglists
                0x00000000       0xc0
 .debug_rnglists
                0x00000000       0x1f ./Core/Src/main.o
 .debug_rnglists
                0x0000001f       0x25 ./Core/Src/pish_gpio_dr.o
 .debug_rnglists
                0x00000044       0x14 ./Core/Src/pish_rcc_drv.o
 .debug_rnglists
                0x00000058       0x4f ./Core/Src/stm32f4xx_it.o
 .debug_rnglists
                0x000000a7       0x19 ./Core/Startup/startup_stm32f411retx.o

.debug_macro    0x00000000     0x113b
 .debug_macro   0x00000000       0x94 ./Core/Src/main.o
 .debug_macro   0x00000094      0xab4 ./Core/Src/main.o
 .debug_macro   0x00000b48       0x22 ./Core/Src/main.o
 .debug_macro   0x00000b6a       0x8e ./Core/Src/main.o
 .debug_macro   0x00000bf8       0x51 ./Core/Src/main.o
 .debug_macro   0x00000c49      0x103 ./Core/Src/main.o
 .debug_macro   0x00000d4c       0x6a ./Core/Src/main.o
 .debug_macro   0x00000db6      0x1df ./Core/Src/main.o
 .debug_macro   0x00000f95       0x1c ./Core/Src/main.o
 .debug_macro   0x00000fb1       0x76 ./Core/Src/pish_gpio_dr.o
 .debug_macro   0x00001027       0x22 ./Core/Src/pish_gpio_dr.o
 .debug_macro   0x00001049       0x7c ./Core/Src/pish_rcc_drv.o
 .debug_macro   0x000010c5       0x76 ./Core/Src/stm32f4xx_it.o

.debug_line     0x00000000     0x1420
 .debug_line    0x00000000      0x4be ./Core/Src/main.o
 .debug_line    0x000004be      0x4d5 ./Core/Src/pish_gpio_dr.o
 .debug_line    0x00000993      0x4e3 ./Core/Src/pish_rcc_drv.o
 .debug_line    0x00000e76      0x531 ./Core/Src/stm32f4xx_it.o
 .debug_line    0x000013a7       0x79 ./Core/Startup/startup_stm32f411retx.o

.debug_str      0x00000000     0x9f72
 .debug_str     0x00000000     0x9e15 ./Core/Src/main.o
                               0xa1cb (size before relaxing)
 .debug_str     0x00009e15       0x45 ./Core/Src/pish_gpio_dr.o
                               0xa18a (size before relaxing)
 .debug_str     0x00009e5a       0x23 ./Core/Src/pish_rcc_drv.o
                               0xa143 (size before relaxing)
 .debug_str     0x00009e7d       0xb1 ./Core/Src/stm32f4xx_it.o
                               0xa1d9 (size before relaxing)
 .debug_str     0x00009f2e       0x44 ./Core/Startup/startup_stm32f411retx.o
                                 0x80 (size before relaxing)

.comment        0x00000000       0x43
 .comment       0x00000000       0x43 ./Core/Src/main.o
                                 0x44 (size before relaxing)
 .comment       0x00000043       0x44 ./Core/Src/pish_gpio_dr.o
 .comment       0x00000043       0x44 ./Core/Src/pish_rcc_drv.o
 .comment       0x00000043       0x44 ./Core/Src/stm32f4xx_it.o

.debug_frame    0x00000000      0x2bc
 .debug_frame   0x00000000       0x6c ./Core/Src/main.o
 .debug_frame   0x0000006c       0xa4 ./Core/Src/pish_gpio_dr.o
 .debug_frame   0x00000110       0x38 ./Core/Src/pish_rcc_drv.o
 .debug_frame   0x00000148      0x148 ./Core/Src/stm32f4xx_it.o
 .debug_frame   0x00000290       0x2c C:/ST/STM32CubeIDE_1.16.0/STM32CubeIDE/plugins/com.st.stm32cube.ide.mcu.externaltools.gnu-tools-for-stm32.12.3.rel1.win32_1.0.200.202406191623/tools/bin/../lib/gcc/arm-none-eabi/12.3.1/../../../../arm-none-eabi/lib/thumb/v7e-m+fp/hard\libc_nano.a(libc_a-init.o)

.debug_line_str
                0x00000000       0x64
 .debug_line_str
                0x00000000       0x64 ./Core/Startup/startup_stm32f411retx.o
