../Core/Src/main.c:42:6:rx_callback	16	static
../Core/Src/main.c:112:6:buttonInterrupt	4	static
../Core/Src/main.c:120:6:ProcessStateSlow	16	static
../Core/Src/main.c:152:6:ProcessStateFast	16	static
../Core/Src/main.c:178:6:ProcessStateMes	16	static
../Core/Src/main.c:205:6:ProcessStateFinish	16	static
../Core/Src/main.c:219:9:getEvent	8	static
../Core/Src/main.c:248:6:EXTI15_10_IRQHandler	8	static
../Core/Src/main.c:255:5:main	16	static
../Core/Src/main.c:336:5:getValue	4	static
../Core/Src/main.c:340:6:message	56	static
../Core/Src/main.c:348:6:printValue	56	static
../Core/Src/main.c:359:6:delay	24	static
