../Core/Src/main.c:45:6:rx_callback	16	static
../Core/Src/main.c:115:6:buttonInterrupt	4	static
../Core/Src/main.c:138:6:EXTI15_10_IRQHandler	8	static
../Core/Src/main.c:147:6:vApplicationStackOverflowHook	24	static,ignoring_inline_asm
../Core/Src/main.c:153:6:blink_1	8	static
../Core/Src/main.c:163:6:blink_2	8	static
../Core/Src/main.c:179:5:main	16	static
../Core/Src/main.c:223:5:getValue	4	static
../Core/Src/main.c:227:6:message	56	static
../Core/Src/main.c:235:6:printValue	56	static
../Core/Src/main.c:246:6:delay	24	static
